// Vitest Snapshot v1

exports[`generateHtml :: generate sample HTML 1`] = `
"<pre><code class=\\"cs-wrapper\\"><div class=\\"cs-sample\\" cs-id=\\"sample\\"><span class=\\"token comment\\">// This is a comment</span>
<span class=\\"token keyword\\">const</span> foo <span class=\\"token operator\\">=</span> <span class=\\"token string\\">'bar'</span><span class=\\"token punctuation\\">;</span>
<span class=\\"token keyword\\">for</span> <span class=\\"token punctuation\\">(</span><span class=\\"token keyword\\">const</span> item <span class=\\"token keyword\\">of</span> array<span class=\\"token punctuation\\">)</span> <span class=\\"token punctuation\\">{</span>
  console<span class=\\"token punctuation\\">.</span><span class=\\"token function\\">log</span><span class=\\"token punctuation\\">(</span>item<span class=\\"token punctuation\\">)</span><span class=\\"token punctuation\\">;</span>
<span class=\\"token punctuation\\">}</span></div></code></pre>"
`;
